2025-04-16 11:43:25,202 - INFO - Starting VesselMNIST3D GCViT Training Pipeline
2025-04-16 11:43:25,203 - INFO - Using device: cpu
2025-04-16 11:43:25,203 - INFO - Initializing data pipelines...
2025-04-16 11:43:26,700 - INFO - Building Global Context Vision Transformer...
2025-04-16 11:43:26,810 - INFO - Beginning training process...
2025-04-16 11:43:26,810 - INFO - Starting training...
2025-04-16 11:46:05,328 - INFO - Epoch 1 - Train Loss: 0.4001
2025-04-16 11:46:16,915 - ERROR - Training failed: 
2025-04-16 11:46:16,916 - ERROR - Main execution failed: 
2025-04-16 11:48:53,965 - INFO - Starting VesselMNIST3D GCViT Training Pipeline
2025-04-16 11:48:53,966 - INFO - Using device: cpu
2025-04-16 11:48:53,966 - INFO - Initializing data pipelines...
2025-04-16 11:48:55,652 - INFO - Building Global Context Vision Transformer...
2025-04-16 11:48:55,771 - INFO - Beginning training process...
2025-04-16 11:48:55,771 - INFO - Starting training...
2025-04-16 11:51:34,759 - INFO - Epoch 1 - Train Loss: 0.4243
2025-04-16 11:51:47,313 - ERROR - Training failed: 
2025-04-16 11:51:47,314 - ERROR - Main execution failed: 
2025-04-16 11:54:13,640 - INFO - Starting VesselMNIST3D GCViT Training Pipeline
2025-04-16 11:54:13,641 - INFO - Using device: cpu
2025-04-16 11:54:13,641 - INFO - Initializing data pipelines...
2025-04-16 11:54:15,283 - INFO - Building Global Context Vision Transformer...
2025-04-16 11:54:15,377 - INFO - Beginning training process...
2025-04-16 11:54:15,377 - INFO - Starting training...
2025-04-16 11:56:48,241 - INFO - Epoch 1 - Train Loss: 0.3767
2025-04-16 11:56:59,614 - ERROR - Training failed: 
2025-04-16 11:56:59,614 - ERROR - Main execution failed: 
2025-04-16 12:01:37,611 - INFO - Starting VesselMNIST3D GCViT Training Pipeline
2025-04-16 12:01:37,611 - INFO - Using device: cpu
2025-04-16 12:01:37,612 - INFO - Initializing data pipelines...
2025-04-16 12:01:39,088 - INFO - Building Global Context Vision Transformer...
2025-04-16 12:01:39,187 - INFO - Beginning training process...
2025-04-16 12:01:39,187 - INFO - Starting training...
2025-04-16 12:01:39,710 - ERROR - Training failed: Target size (torch.Size([10])) must be the same as input size (torch.Size([10, 2]))
2025-04-16 12:01:39,710 - ERROR - Main execution failed: Target size (torch.Size([10])) must be the same as input size (torch.Size([10, 2]))
2025-04-16 12:08:02,893 - INFO - Starting VesselMNIST3D GCViT Training Pipeline
2025-04-16 12:08:02,893 - INFO - Using device: cpu
2025-04-16 12:08:02,893 - INFO - Initializing data pipelines...
2025-04-16 12:08:04,638 - INFO - Building Global Context Vision Transformer...
2025-04-16 12:08:04,722 - INFO - Beginning training process...
2025-04-16 12:08:04,722 - INFO - Starting training...
2025-04-16 12:10:42,310 - INFO - Epoch 1 - Train Loss: 0.4430
2025-04-16 12:10:54,223 - ERROR - Training failed: 
2025-04-16 12:10:54,223 - ERROR - Main execution failed: 
2025-04-16 12:15:51,680 - INFO - Starting VesselMNIST3D GCViT Training Pipeline
2025-04-16 12:15:51,681 - INFO - Using device: cpu
2025-04-16 12:15:51,681 - INFO - Initializing data pipelines...
2025-04-16 12:15:53,147 - INFO - Building Global Context Vision Transformer...
2025-04-16 12:15:53,237 - INFO - Beginning training process...
2025-04-16 12:15:53,237 - INFO - Starting training...
2025-04-16 12:18:35,173 - INFO - Epoch 1 - Train Loss: 0.4529
2025-04-16 12:18:47,451 - ERROR - Training failed: 
2025-04-16 12:18:47,451 - ERROR - Main execution failed: 
2025-04-16 12:21:14,862 - INFO - Starting VesselMNIST3D GCViT Training Pipeline
2025-04-16 12:21:14,863 - INFO - Using device: cpu
2025-04-16 12:21:14,863 - INFO - Initializing data pipelines...
2025-04-16 12:21:16,274 - INFO - Building Global Context Vision Transformer...
2025-04-16 12:21:16,376 - INFO - Beginning training process...
2025-04-16 12:21:16,376 - INFO - Starting training...
2025-04-16 12:24:00,506 - INFO - Epoch 1 - Train Loss: 0.4068
2025-04-16 12:24:12,406 - ERROR - Training failed: 
2025-04-16 12:24:12,406 - ERROR - Main execution failed: 
2025-04-16 12:32:57,106 - INFO - Starting VesselMNIST3D GCViT Training Pipeline
2025-04-16 12:32:57,106 - INFO - Using device: cpu
2025-04-16 12:32:57,106 - INFO - Initializing data pipelines...
2025-04-16 12:32:58,560 - INFO - Building Global Context Vision Transformer...
2025-04-16 12:32:58,660 - INFO - Beginning training process...
2025-04-16 12:32:58,660 - INFO - Starting training...
2025-04-16 12:35:42,154 - INFO - Epoch 1 - Train Loss: 0.4221
2025-04-16 12:35:54,228 - INFO - TEST  AUC: 0.738  ACC: 0.887
2025-04-16 12:35:54,294 - INFO - New best model saved with AUC: 0.738, ACC: 0.887
2025-04-16 12:38:48,328 - INFO - Epoch 2 - Train Loss: 0.3638
2025-04-16 12:39:00,557 - INFO - TEST  AUC: 0.769  ACC: 0.887
2025-04-16 12:39:00,625 - INFO - New best model saved with AUC: 0.769, ACC: 0.887
2025-04-16 12:41:40,842 - INFO - Epoch 3 - Train Loss: 0.3742
2025-04-16 12:41:52,815 - INFO - TEST  AUC: 0.795  ACC: 0.887
2025-04-16 12:41:52,878 - INFO - New best model saved with AUC: 0.795, ACC: 0.887
2025-04-16 12:41:52,878 - INFO - ==> Final Evaluation <==
2025-04-16 12:42:37,191 - INFO - TRAIN  AUC: 0.815  ACC: 0.888
2025-04-16 12:42:51,501 - INFO - TEST  AUC: 0.795  ACC: 0.887
2025-04-16 12:42:51,501 - INFO - Training complete. Best model: AUC 0.795, ACC 0.887
2025-04-16 12:42:51,504 - INFO - Training process completed successfully
2025-04-16 12:43:21,012 - INFO - Starting VesselMNIST3D GCViT Training Pipeline
2025-04-16 12:43:21,012 - INFO - Using device: cpu
2025-04-16 12:43:21,012 - INFO - Initializing data pipelines...
2025-04-16 12:43:22,387 - INFO - Building Global Context Vision Transformer...
2025-04-16 12:43:22,543 - INFO - Beginning training process...
2025-04-16 12:43:22,543 - INFO - Starting training...
2025-04-16 12:43:58,445 - WARNING - Training interrupted by user
2025-04-16 12:43:58,460 - INFO - Training process completed successfully
2025-04-16 13:08:52,944 - INFO - Starting VesselMNIST3D GCViT Training Pipeline
2025-04-16 13:08:52,945 - INFO - Using device: cpu
2025-04-16 13:08:52,945 - INFO - Initializing data pipelines...
2025-04-16 13:08:54,378 - INFO - Building Global Context Vision Transformer...
2025-04-16 13:08:54,533 - INFO - Beginning training process...
2025-04-16 13:08:54,533 - INFO - Starting training...
2025-04-16 13:11:32,089 - WARNING - Training interrupted by user
2025-04-16 13:11:32,156 - INFO - Training process completed successfully
