2025-04-16 11:28:36,144 - INFO - Starting OrganMNIST3D GCViT Training Pipeline
2025-04-16 11:28:36,144 - INFO - Using device: cpu
2025-04-16 11:28:36,144 - INFO - Initializing data pipelines...
2025-04-16 11:28:38,612 - INFO - Building Global Context Vision Transformer...
2025-04-16 11:28:38,718 - INFO - Beginning training process...
2025-04-16 11:28:38,719 - INFO - Starting training...
2025-04-16 11:30:33,872 - ERROR - Training failed: Expected input batch_size (1) to match target batch_size (0).
2025-04-16 11:30:33,872 - ERROR - Main execution failed: Expected input batch_size (1) to match target batch_size (0).
2025-04-16 11:32:10,829 - INFO - Starting OrganMNIST3D GCViT Training Pipeline
2025-04-16 11:32:10,829 - INFO - Using device: cpu
2025-04-16 11:32:10,829 - INFO - Initializing data pipelines...
2025-04-16 11:32:13,084 - INFO - Building Global Context Vision Transformer...
2025-04-16 11:32:13,224 - INFO - Beginning training process...
2025-04-16 11:32:13,224 - INFO - Starting training...
2025-04-16 11:34:03,810 - INFO - Epoch 1 - Train Loss: 1.1219
2025-04-16 11:34:21,722 - INFO - TEST  AUC: 0.958  ACC: 0.721
2025-04-16 11:34:21,792 - INFO - New best model saved with AUC: 0.958, ACC: 0.721
2025-04-16 11:36:17,580 - WARNING - Training interrupted by user
2025-04-16 11:36:17,593 - INFO - Training process completed successfully
2025-04-16 11:39:16,519 - INFO - Starting VesselMNIST3D GCViT Training Pipeline
2025-04-16 11:39:16,519 - INFO - Using device: cpu
2025-04-16 11:39:16,519 - INFO - Initializing data pipelines...
2025-04-16 11:39:18,121 - INFO - Building Global Context Vision Transformer...
2025-04-16 11:39:18,211 - INFO - Beginning training process...
2025-04-16 11:39:18,211 - INFO - Starting training...
2025-04-16 11:42:00,515 - INFO - Epoch 1 - Train Loss: 0.4247
2025-04-16 11:42:12,152 - ERROR - Training failed: 
2025-04-16 11:42:12,153 - ERROR - Main execution failed: 
2025-04-16 12:44:04,011 - INFO - Starting OrganMNIST3D GCViT Training Pipeline
2025-04-16 12:44:04,011 - INFO - Using device: cpu
2025-04-16 12:44:04,011 - INFO - Initializing data pipelines...
2025-04-16 12:44:06,347 - INFO - Building Global Context Vision Transformer...
2025-04-16 12:44:06,449 - INFO - Beginning training process...
2025-04-16 12:44:06,449 - INFO - Starting training...
2025-04-16 12:46:00,206 - INFO - Epoch 1 - Train Loss: 1.0898
2025-04-16 12:46:18,586 - INFO - TEST  AUC: 0.955  ACC: 0.734
2025-04-16 12:46:18,652 - INFO - New best model saved with AUC: 0.955, ACC: 0.734
2025-04-16 12:48:18,893 - INFO - Epoch 2 - Train Loss: 0.3497
2025-04-16 12:48:37,709 - INFO - TEST  AUC: 0.961  ACC: 0.725
2025-04-16 12:48:37,778 - INFO - New best model saved with AUC: 0.961, ACC: 0.725
2025-04-16 12:50:33,974 - INFO - Epoch 3 - Train Loss: 0.1403
2025-04-16 12:50:52,948 - INFO - TEST  AUC: 0.969  ACC: 0.762
2025-04-16 12:50:53,022 - INFO - New best model saved with AUC: 0.969, ACC: 0.762
2025-04-16 12:52:47,862 - INFO - Epoch 4 - Train Loss: 0.0511
2025-04-16 12:53:07,160 - INFO - TEST  AUC: 0.973  ACC: 0.792
2025-04-16 12:53:07,233 - INFO - New best model saved with AUC: 0.973, ACC: 0.792
2025-04-16 12:55:04,850 - INFO - Epoch 5 - Train Loss: 0.0274
2025-04-16 12:55:24,052 - INFO - TEST  AUC: 0.969  ACC: 0.779
2025-04-16 12:55:24,053 - INFO - ==> Final Evaluation <==
2025-04-16 12:55:53,660 - ERROR - Training failed: 'int' object is not iterable
2025-04-16 12:55:53,660 - ERROR - Main execution failed: 'int' object is not iterable
